// Jest Snapshot v1, https://goo.gl/fbAQLP

exports[`Tester/Help (intern) ClickCloseButton play-test 1`] = `
<div data-test-block="true">
  <button class="_button_g87u5_1 _button_extraSmall_g87u5_29 _button_outlined_g87u5_91 _helpButton_10ldw_27"
          type="button"
          aria-expanded="false"
  >
    <svg class="_systemIcon_6zbcy_2 _systemIcon_medium_6zbcy_9 _icon_g87u5_22"
         viewbox="0 0 24 24"
         focusable="false"
         aria-labelledby="svgtitle-:ra:"
         aria-hidden="false"
         role="img"
    >
      <title id="svgtitle-:ra:">
        Hjelp
      </title>
      <path d="M10 19h3v3h-3v-3Zm2-17c5.35.22 7.68 5.62 4.5 9.67-.83 1-2.17 1.66-2.83 2.5C13 15 13 16 13 17h-3c0-1.67 0-3.08.67-4.08.66-1 2-1.59 2.83-2.25C15.92 8.43 15.32 5.26 12 5a3 3 0 0 0-3 3H6a6 6 0 0 1 6-6Z">
      </path>
    </svg>
  </button>
</div>
`;

exports[`Tester/Help (intern) ClickHelpButton play-test 1`] = `
<div data-test-block="true">
  <button class="_button_g87u5_1 _button_extraSmall_g87u5_29 _button_outlined_g87u5_91 _helpButton_10ldw_27"
          type="button"
          aria-expanded="false"
  >
    <svg class="_systemIcon_6zbcy_2 _systemIcon_medium_6zbcy_9 _icon_g87u5_22"
         viewbox="0 0 24 24"
         focusable="false"
         aria-labelledby="svgtitle-:r8:"
         aria-hidden="false"
         role="img"
    >
      <title id="svgtitle-:r8:">
        Hjelp
      </title>
      <path d="M10 19h3v3h-3v-3Zm2-17c5.35.22 7.68 5.62 4.5 9.67-.83 1-2.17 1.66-2.83 2.5C13 15 13 16 13 17h-3c0-1.67 0-3.08.67-4.08.66-1 2-1.59 2.83-2.25C15.92 8.43 15.32 5.26 12 5a3 3 0 0 0-3 3H6a6 6 0 0 1 6-6Z">
      </path>
    </svg>
  </button>
</div>
`;

exports[`Tester/Help (intern) Defaults play-test 1`] = `
<div data-test-block="true">
</div>
`;

exports[`Tester/Help (intern) WithDescription play-test 1`] = `
<div data-test-block="true">
  <div class="_description_10ldw_17">
    En liten beskrivelse
  </div>
</div>
`;

exports[`Tester/Help (intern) WithHelpSvgPathTitleHelpSvgAndTargetId play-test 1`] = `
<div data-test-block="true">
  <button class="_button_g87u5_1 _button_extraSmall_g87u5_29 _button_outlined_g87u5_91 _helpButton_10ldw_27"
          type="button"
          aria-describedby="storybook-root"
          aria-expanded="false"
  >
    <svg class="_systemIcon_6zbcy_2 _systemIcon_medium_6zbcy_9 _icon_g87u5_22"
         viewbox="0 0 24 24"
         focusable="false"
         aria-labelledby="svgtitle-:r6:"
         aria-hidden="false"
         role="img"
    >
      <title id="svgtitle-:r6:">
        Tooltip
      </title>
      <path d="M13 14h-2v-4h2v4Zm0 4h-2v-2h2v2ZM1 21h22L12 2 1 21Z">
      </path>
    </svg>
  </button>
</div>
`;

exports[`Tester/Help (intern) WithHelpTextAndDescription smoke-test 1`] = `
<div data-test-block="true">
  <button class="_button_g87u5_1 _button_extraSmall_g87u5_29 _button_outlined_g87u5_91 _helpButton_10ldw_27"
          type="button"
          aria-expanded="false"
  >
    <svg class="_systemIcon_6zbcy_2 _systemIcon_medium_6zbcy_9 _icon_g87u5_22"
         viewbox="0 0 24 24"
         focusable="false"
         aria-labelledby="svgtitle-:r2:"
         aria-hidden="false"
         role="img"
    >
      <title id="svgtitle-:r2:">
        Hjelp
      </title>
      <path d="M10 19h3v3h-3v-3Zm2-17c5.35.22 7.68 5.62 4.5 9.67-.83 1-2.17 1.66-2.83 2.5C13 15 13 16 13 17h-3c0-1.67 0-3.08.67-4.08.66-1 2-1.59 2.83-2.25C15.92 8.43 15.32 5.26 12 5a3 3 0 0 0-3 3H6a6 6 0 0 1 6-6Z">
      </path>
    </svg>
  </button>
  <div class="_description_10ldw_17">
    En liten beskrivelse
  </div>
</div>
`;

exports[`Tester/Help (intern) WithHelpToggleEvent smoke-test 1`] = `
<div data-test-block="true">
  <button class="_button_g87u5_1 _button_extraSmall_g87u5_29 _button_outlined_g87u5_91 _helpButton_10ldw_27"
          type="button"
          aria-expanded="false"
  >
    <svg class="_systemIcon_6zbcy_2 _systemIcon_medium_6zbcy_9 _icon_g87u5_22"
         viewbox="0 0 24 24"
         focusable="false"
         aria-labelledby="svgtitle-:rc:"
         aria-hidden="false"
         role="img"
    >
      <title id="svgtitle-:rc:">
        Hjelp
      </title>
      <path d="M10 19h3v3h-3v-3Zm2-17c5.35.22 7.68 5.62 4.5 9.67-.83 1-2.17 1.66-2.83 2.5C13 15 13 16 13 17h-3c0-1.67 0-3.08.67-4.08.66-1 2-1.59 2.83-2.25C15.92 8.43 15.32 5.26 12 5a3 3 0 0 0-3 3H6a6 6 0 0 1 6-6Z">
      </path>
    </svg>
  </button>
</div>
`;

exports[`Tester/Help (intern) WithHelptext play-test 1`] = `
<div data-test-block="true">
  <button class="_button_g87u5_1 _button_extraSmall_g87u5_29 _button_outlined_g87u5_91 _helpButton_10ldw_27"
          type="button"
          aria-expanded="false"
  >
    <svg class="_systemIcon_6zbcy_2 _systemIcon_medium_6zbcy_9 _icon_g87u5_22"
         viewbox="0 0 24 24"
         focusable="false"
         aria-labelledby="svgtitle-:r0:"
         aria-hidden="false"
         role="img"
    >
      <title id="svgtitle-:r0:">
        Hjelp
      </title>
      <path d="M10 19h3v3h-3v-3Zm2-17c5.35.22 7.68 5.62 4.5 9.67-.83 1-2.17 1.66-2.83 2.5C13 15 13 16 13 17h-3c0-1.67 0-3.08.67-4.08.66-1 2-1.59 2.83-2.25C15.92 8.43 15.32 5.26 12 5a3 3 0 0 0-3 3H6a6 6 0 0 1 6-6Z">
      </path>
    </svg>
  </button>
</div>
`;

exports[`Tester/Help (intern) WithHideHelp play-test 1`] = `
<div data-test-block="true">
  <button class="_button_g87u5_1 _button_extraSmall_g87u5_29 _button_outlined_g87u5_91 _helpButton_10ldw_27 _srOnly_10ldw_59"
          type="button"
          aria-expanded="false"
  >
    <svg class="_systemIcon_6zbcy_2 _systemIcon_medium_6zbcy_9 _icon_g87u5_22"
         viewbox="0 0 24 24"
         focusable="false"
         aria-labelledby="svgtitle-:r7:"
         aria-hidden="false"
         role="img"
    >
      <title id="svgtitle-:r7:">
        Hjelp
      </title>
      <path d="M10 19h3v3h-3v-3Zm2-17c5.35.22 7.68 5.62 4.5 9.67-.83 1-2.17 1.66-2.83 2.5C13 15 13 16 13 17h-3c0-1.67 0-3.08.67-4.08.66-1 2-1.59 2.83-2.25C15.92 8.43 15.32 5.26 12 5a3 3 0 0 0-3 3H6a6 6 0 0 1 6-6Z">
      </path>
    </svg>
  </button>
  <div class="_description_10ldw_17  _srOnly_10ldw_59">
    En liten beskrivelse
  </div>
</div>
`;

exports[`Tester/Help (intern) WithLongHelpTextAndDescription smoke-test 1`] = `
<div data-test-block="true">
  <button class="_button_g87u5_1 _button_extraSmall_g87u5_29 _button_outlined_g87u5_91 _helpButton_10ldw_27"
          type="button"
          aria-expanded="false"
  >
    <svg class="_systemIcon_6zbcy_2 _systemIcon_medium_6zbcy_9 _icon_g87u5_22"
         viewbox="0 0 24 24"
         focusable="false"
         aria-labelledby="svgtitle-:r4:"
         aria-hidden="false"
         role="img"
    >
      <title id="svgtitle-:r4:">
        Hjelp
      </title>
      <path d="M10 19h3v3h-3v-3Zm2-17c5.35.22 7.68 5.62 4.5 9.67-.83 1-2.17 1.66-2.83 2.5C13 15 13 16 13 17h-3c0-1.67 0-3.08.67-4.08.66-1 2-1.59 2.83-2.25C15.92 8.43 15.32 5.26 12 5a3 3 0 0 0-3 3H6a6 6 0 0 1 6-6Z">
      </path>
    </svg>
  </button>
  <div class="_description_10ldw_17">
    Loremipsumdolorsitamet.Allesomharlagetennettside,trengtlittfylltekstellerbaresurfetrundtp√•nettetharantageligvissettdisseordene,etterfulgtaventilsynelatendeeviglangtekstfyltmedlatinskeliksomsetninger.
  </div>
</div>
`;
