// Jest Snapshot v1, https://goo.gl/fbAQLP

exports[`Tester/LabelWithHelp (intern) Defaults play-test 1`] = `
<div data-test-block="true">
  <label id="labelId-:r2:"
         class="LabelWithHelp_label__59tP-"
  >
    Ledetekst
  </label>
</div>
`;

exports[`Tester/LabelWithHelp (intern) WithAttributes play-test 1`] = `
<div data-test-block="true">
  <label id="htmlid"
         data-testid="123ID"
         class="LabelWithHelp_label__59tP-   dummyClassname"
         lang="nb"
  >
    Ledetekst
  </label>
</div>
`;

exports[`Tester/LabelWithHelp (intern) WithCustomClassNames play-test 1`] = `
<div data-test-block="true">
  <label id="labelId-:rd:"
         class="LabelWithHelp_label__59tP-    dummyClassname"
  >
    Ledetekst
  </label>
  <button class="IconButton_button__mw9sG IconButton_button_extraSmall__3+QfY IconButton_button_outlined__aDbNH Help_helpButton__I0E-6"
          type="button"
          aria-describedby="labelId-:rd:"
          aria-expanded="true"
  >
    <svg class="Icon_systemIcon__1p1Xl Icon_systemIcon_medium__VmCFz IconButton_icon__1J4sN"
         viewbox="0 0 24 24"
         focusable="false"
         aria-labelledby="svgtitle-:re:"
         aria-hidden="false"
         role="img"
    >
      <title id="svgtitle-:re:">
        Hjelp
      </title>
      <path d="M10 19h3v3h-3v-3Zm2-17c5.35.22 7.68 5.62 4.5 9.67-.83 1-2.17 1.66-2.83 2.5C13 15 13 16 13 17h-3c0-1.67 0-3.08.67-4.08.66-1 2-1.59 2.83-2.25C15.92 8.43 15.32 5.26 12 5a3 3 0 0 0-3 3H6a6 6 0 0 1 6-6Z">
      </path>
    </svg>
  </button>
  <div class="Help_helpBox__nbhjO  dummyClassname dummyClassname">
    <span class="Help_helpBoxText__j6sH7">
      hjelp
    </span>
    <button class="IconButton_button__mw9sG IconButton_button_small__etst4  Help_helpBoxCloseButton__RueX2"
            type="button"
    >
      <svg class="Icon_systemIcon__1p1Xl Icon_systemIcon_medium__VmCFz IconButton_icon__1J4sN"
           viewbox="0 0 24 24"
           focusable="false"
           aria-labelledby="svgtitle-:rf:"
           aria-hidden="false"
           role="img"
      >
        <title id="svgtitle-:rf:">
          Lukk
        </title>
        <path d="M19 6.41 17.59 5 12 10.59 6.41 5 5 6.41 10.59 12 5 17.59 6.41 19 12 13.41 17.59 19 19 17.59 13.41 12 19 6.41Z">
        </path>
      </svg>
    </button>
  </div>
  <div class="Help_description__niabw Help_descriptionMarginTop__YMqoC  dummyClassname">
    beskrivelse
  </div>
</div>
`;

exports[`Tester/LabelWithHelp (intern) WithDescription play-test 1`] = `
<div data-test-block="true">
  <label id="labelId-:r3:"
         class="LabelWithHelp_label__59tP-"
  >
    Ledetekst
  </label>
  <div class="Help_description__niabw">
    Kort hjelpetekst
  </div>
</div>
`;

exports[`Tester/LabelWithHelp (intern) WithHelpTextSvgPathAndTitle play-test 1`] = `
<div data-test-block="true">
  <label id="labelId-:r7:"
         class="LabelWithHelp_label__59tP-"
  >
    Ledetekst
  </label>
  <button class="IconButton_button__mw9sG IconButton_button_extraSmall__3+QfY IconButton_button_outlined__aDbNH Help_helpButton__I0E-6"
          type="button"
          aria-describedby="labelId-:r7:"
          aria-expanded="false"
  >
    <svg class="Icon_systemIcon__1p1Xl Icon_systemIcon_medium__VmCFz IconButton_icon__1J4sN"
         viewbox="0 0 24 24"
         focusable="false"
         aria-labelledby="svgtitle-:r8:"
         aria-hidden="false"
         role="img"
    >
      <title id="svgtitle-:r8:">
        Tooltip
      </title>
      <path d="M13 14h-2v-4h2v4Zm0 4h-2v-2h2v2ZM1 21h22L12 2 1 21Z">
      </path>
    </svg>
  </button>
</div>
`;

exports[`Tester/LabelWithHelp (intern) WithHelpToggleEvent smoke-test 1`] = `
<div data-test-block="true">
  <label id="labelId-:rb:"
         class="LabelWithHelp_label__59tP-"
  >
    Ledetekst
  </label>
  <button class="IconButton_button__mw9sG IconButton_button_extraSmall__3+QfY IconButton_button_outlined__aDbNH Help_helpButton__I0E-6"
          type="button"
          aria-describedby="labelId-:rb:"
          aria-expanded="false"
  >
    <svg class="Icon_systemIcon__1p1Xl Icon_systemIcon_medium__VmCFz IconButton_icon__1J4sN"
         viewbox="0 0 24 24"
         focusable="false"
         aria-labelledby="svgtitle-:rc:"
         aria-hidden="false"
         role="img"
    >
      <title id="svgtitle-:rc:">
        Hjelp
      </title>
      <path d="M10 19h3v3h-3v-3Zm2-17c5.35.22 7.68 5.62 4.5 9.67-.83 1-2.17 1.66-2.83 2.5C13 15 13 16 13 17h-3c0-1.67 0-3.08.67-4.08.66-1 2-1.59 2.83-2.25C15.92 8.43 15.32 5.26 12 5a3 3 0 0 0-3 3H6a6 6 0 0 1 6-6Z">
      </path>
    </svg>
  </button>
</div>
`;

exports[`Tester/LabelWithHelp (intern) WithHideLabel play-test 1`] = `
<div data-test-block="true">
  <label id="labelId-:r5:"
         class="LabelWithHelp_label__59tP-  LabelWithHelp_srOnly__uWL7Z"
  >
    Ledetekst
  </label>
  <button class="IconButton_button__mw9sG IconButton_button_extraSmall__3+QfY IconButton_button_outlined__aDbNH Help_helpButton__I0E-6 Help_srOnly__svaKL"
          type="button"
          aria-describedby="labelId-:r5:"
          aria-expanded="false"
  >
    <svg class="Icon_systemIcon__1p1Xl Icon_systemIcon_medium__VmCFz IconButton_icon__1J4sN"
         viewbox="0 0 24 24"
         focusable="false"
         aria-labelledby="svgtitle-:r6:"
         aria-hidden="false"
         role="img"
    >
      <title id="svgtitle-:r6:">
        Hjelp
      </title>
      <path d="M10 19h3v3h-3v-3Zm2-17c5.35.22 7.68 5.62 4.5 9.67-.83 1-2.17 1.66-2.83 2.5C13 15 13 16 13 17h-3c0-1.67 0-3.08.67-4.08.66-1 2-1.59 2.83-2.25C15.92 8.43 15.32 5.26 12 5a3 3 0 0 0-3 3H6a6 6 0 0 1 6-6Z">
      </path>
    </svg>
  </button>
  <div class="Help_description__niabw  Help_srOnly__svaKL">
    Kort hjelpetekst
  </div>
</div>
`;

exports[`Tester/LabelWithHelp (intern) WithLongChildren smoke-test 1`] = `
<div data-test-block="true">
  <label id="labelId-:ra:"
         class="LabelWithHelp_label__59tP-"
  >
    Loremipsumdolorsitamet.Allesomharlagetennettside,trengtlittfylltekstellerbaresurfetrundtp√•nettetharantageligvissettdisseordene,etterfulgtaventilsynelatendeeviglangtekstfyltmedlatinskeliksomsetninger.
  </label>
</div>
`;

exports[`Tester/LabelWithHelp (intern) WithRef play-test 1`] = `
<div data-test-block="true">
  <label id="dummyIdForwardedFromRef"
         class="LabelWithHelp_label__59tP-"
  >
    Ledetekst
  </label>
</div>
`;

exports[`Tester/LabelWithHelp (intern) WithShowRequiredMark smoke-test 1`] = `
<div data-test-block="true">
  <label id="labelId-:r4:"
         class="LabelWithHelp_label__59tP- LabelWithHelp_label_required__KSuzW"
  >
    Ledetekst
  </label>
</div>
`;
