// Jest Snapshot v1, https://goo.gl/fbAQLP

exports[`Tester/NavigationTile Defaults play-test 1`] = `
<div data-test-block="true">
  <a class="_navigationTile_1xek8_57 _navigationTile_large_1xek8_100  undefined"
     href="#storybook-root"
  >
    <div class="_header_1xek8_19">
      <h2 class="_title_1xek8_24 _title_large_1xek8_34 undefined">
        Skatt
      </h2>
      <svg class="_systemIcon_6zbcy_2 _systemIcon_large_6zbcy_13 _icon_1xek8_1 _icon_large_1xek8_4"
           viewbox="0 0 24 24"
           focusable="false"
           aria-hidden="true"
           role="img"
      >
        <path d="M14.14 20.5L21 12.5L14.14 4.5L12.2 6.17L16.55 11.25L3 11.25V13.75L16.55 13.75L12.2 18.83L14.14 20.5Z">
        </path>
      </svg>
    </div>
  </a>
</div>
`;

exports[`Tester/NavigationTile WithAriaDescribedby play-test 1`] = `
<div data-test-block="true">
  <a class="_navigationTile_1xek8_57 _navigationTile_large_1xek8_100  undefined"
     href="#storybook-root"
     aria-describedby="htmlId"
  >
    <div class="_header_1xek8_19">
      <h2 class="_title_1xek8_24 _title_large_1xek8_34 undefined">
        Skatt
      </h2>
      <svg class="_systemIcon_6zbcy_2 _systemIcon_large_6zbcy_13 _icon_1xek8_1 _icon_large_1xek8_4"
           viewbox="0 0 24 24"
           focusable="false"
           aria-hidden="true"
           role="img"
      >
        <path d="M14.14 20.5L21 12.5L14.14 4.5L12.2 6.17L16.55 11.25L3 11.25V13.75L16.55 13.75L12.2 18.83L14.14 20.5Z">
        </path>
      </svg>
    </div>
  </a>
</div>
`;

exports[`Tester/NavigationTile WithAttributes play-test 1`] = `
<div data-test-block="true">
  <a id="htmlId"
     class="_navigationTile_1xek8_57 _navigationTile_large_1xek8_100 dummyClassname undefined"
     lang="nb"
     data-testid="123ID"
     href="#storybook-root"
  >
    <div class="_header_1xek8_19">
      <h2 class="_title_1xek8_24 _title_large_1xek8_34 undefined">
        Skatt
      </h2>
      <svg class="_systemIcon_6zbcy_2 _systemIcon_large_6zbcy_13 _icon_1xek8_1 _icon_large_1xek8_4"
           viewbox="0 0 24 24"
           focusable="false"
           aria-hidden="true"
           role="img"
      >
        <path d="M14.14 20.5L21 12.5L14.14 4.5L12.2 6.17L16.55 11.25L3 11.25V13.75L16.55 13.75L12.2 18.83L14.14 20.5Z">
        </path>
      </svg>
    </div>
  </a>
</div>
`;

exports[`Tester/NavigationTile WithCustomClassNames play-test 1`] = `
<div data-test-block="true">
  <a class="_navigationTile_1xek8_57 _navigationTile_large_1xek8_100  dummyClassname"
     href="#storybook-root"
  >
    <div class="_header_1xek8_19">
      <h2 class="_title_1xek8_24 _title_large_1xek8_34 dummyClassname">
        Skatt
      </h2>
      <svg class="_systemIcon_6zbcy_2 _systemIcon_large_6zbcy_13 _icon_1xek8_1 _icon_large_1xek8_4"
           viewbox="0 0 24 24"
           focusable="false"
           aria-hidden="true"
           role="img"
      >
        <path d="M14.14 20.5L21 12.5L14.14 4.5L12.2 6.17L16.55 11.25L3 11.25V13.75L16.55 13.75L12.2 18.83L14.14 20.5Z">
        </path>
      </svg>
    </div>
    <div class="_description_1xek8_41 false  dummyClassname">
      Skattekort, frikort, forskuddsskatt, skattemelding (selvangivelse), skatteoppgjør, skattelister. Tema og fradrag som hjelper deg til å få riktig skatt.
    </div>
  </a>
</div>
`;

exports[`Tester/NavigationTile WithDescription smoke-test 1`] = `
<div data-test-block="true">
  <a class="_navigationTile_1xek8_57 _navigationTile_large_1xek8_100  undefined"
     href="#storybook-root"
  >
    <div class="_header_1xek8_19">
      <h2 class="_title_1xek8_24 _title_large_1xek8_34 undefined">
        Skatt
      </h2>
      <svg class="_systemIcon_6zbcy_2 _systemIcon_large_6zbcy_13 _icon_1xek8_1 _icon_large_1xek8_4"
           viewbox="0 0 24 24"
           focusable="false"
           aria-hidden="true"
           role="img"
      >
        <path d="M14.14 20.5L21 12.5L14.14 4.5L12.2 6.17L16.55 11.25L3 11.25V13.75L16.55 13.75L12.2 18.83L14.14 20.5Z">
        </path>
      </svg>
    </div>
    <div class="_description_1xek8_41 false  undefined">
      Skattekort, frikort, forskuddsskatt, skattemelding (selvangivelse), skatteoppgjør, skattelister. Tema og fradrag som hjelper deg til å få riktig skatt.
    </div>
  </a>
</div>
`;

exports[`Tester/NavigationTile WithExternalIcon play-test 1`] = `
<div data-test-block="true">
  <a class="_navigationTile_1xek8_57 _navigationTile_large_1xek8_100  undefined"
     href="#storybook-root"
  >
    <div class="_header_1xek8_19">
      <h2 class="_title_1xek8_24 _title_large_1xek8_34 undefined">
        Skatt
      </h2>
      <svg class="_systemIcon_6zbcy_2 _systemIcon_large_6zbcy_13 _icon_1xek8_1 _icon_large_1xek8_4"
           viewbox="0 0 24 24"
           focusable="false"
           aria-label="Til et annet nettsted"
           aria-hidden="false"
           role="img"
      >
        <path d="M14 3v2h3.59l-9.83 9.83 1.41 1.41L19 6.41V10h2V3h-7Zm5 16H5V5h7V3H5a2 2 0 0 0-2 2v14a2 2 0 0 0 2 2h14a2 2 0 0 0 2-2v-7h-2v7Z">
        </path>
      </svg>
    </div>
  </a>
</div>
`;

exports[`Tester/NavigationTile WithHiddenArrowIcon smoke-test 1`] = `
<div data-test-block="true">
  <a class="_navigationTile_1xek8_57 _navigationTile_large_1xek8_100  undefined"
     href="#storybook-root"
  >
    <div class="_header_1xek8_19">
      <h2 class="_title_1xek8_24 _title_large_1xek8_34 undefined">
        Skatt
      </h2>
    </div>
  </a>
</div>
`;

exports[`Tester/NavigationTile WithIcon play-test 1`] = `
<div data-test-block="true">
  <a class="_navigationTile_1xek8_57 _navigationTile_large_1xek8_100  undefined"
     href="#storybook-root"
  >
    <div class="_header_1xek8_19">
      <svg class="_systemIcon_6zbcy_2 _systemIcon_large_6zbcy_13 _icon_1xek8_1 _icon_large_1xek8_4"
           viewbox="0 0 24 24"
           focusable="false"
           aria-hidden="true"
           role="img"
      >
        <path d="M19 19H5V8h14v11ZM16 1v2H8V1H6v2H5c-1.11 0-2 .89-2 2v14a2 2 0 0 0 2 2h14a2 2 0 0 0 2-2V5a2 2 0 0 0-2-2h-1V1h-2Zm1 11h-5v5h5v-5Z">
        </path>
      </svg>
      <h2 class="_title_1xek8_24 _title_large_1xek8_34 undefined">
        Skatt
      </h2>
      <svg class="_systemIcon_6zbcy_2 _systemIcon_large_6zbcy_13 _icon_1xek8_1 _icon_large_1xek8_4"
           viewbox="0 0 24 24"
           focusable="false"
           aria-hidden="true"
           role="img"
      >
        <path d="M14.14 20.5L21 12.5L14.14 4.5L12.2 6.17L16.55 11.25L3 11.25V13.75L16.55 13.75L12.2 18.83L14.14 20.5Z">
        </path>
      </svg>
    </div>
  </a>
</div>
`;

exports[`Tester/NavigationTile WithOnClick play-test 1`] = `
<div data-test-block="true">
  <a class="_navigationTile_1xek8_57 _navigationTile_large_1xek8_100  undefined"
     href="#storybook-root"
  >
    <div class="_header_1xek8_19">
      <h2 class="_title_1xek8_24 _title_large_1xek8_34 undefined">
        Ny tittel
      </h2>
      <svg class="_systemIcon_6zbcy_2 _systemIcon_large_6zbcy_13 _icon_1xek8_1 _icon_large_1xek8_4"
           viewbox="0 0 24 24"
           focusable="false"
           aria-hidden="true"
           role="img"
      >
        <path d="M14.14 20.5L21 12.5L14.14 4.5L12.2 6.17L16.55 11.25L3 11.25V13.75L16.55 13.75L12.2 18.83L14.14 20.5Z">
        </path>
      </svg>
    </div>
  </a>
</div>
`;

exports[`Tester/NavigationTile WithRef play-test 1`] = `
<div data-test-block="true">
  <a class="_navigationTile_1xek8_57 _navigationTile_large_1xek8_100  undefined"
     href="#storybook-root"
     id="dummyIdForwardedFromRef"
  >
    <div class="_header_1xek8_19">
      <h2 class="_title_1xek8_24 _title_large_1xek8_34 undefined">
        Skatt
      </h2>
      <svg class="_systemIcon_6zbcy_2 _systemIcon_large_6zbcy_13 _icon_1xek8_1 _icon_large_1xek8_4"
           viewbox="0 0 24 24"
           focusable="false"
           aria-hidden="true"
           role="img"
      >
        <path d="M14.14 20.5L21 12.5L14.14 4.5L12.2 6.17L16.55 11.25L3 11.25V13.75L16.55 13.75L12.2 18.83L14.14 20.5Z">
        </path>
      </svg>
    </div>
  </a>
</div>
`;

exports[`Tester/NavigationTile WithSizeExtraLarge smoke-test 1`] = `
<div data-test-block="true">
  <a class="_navigationTile_1xek8_57 _navigationTile_extraLarge_1xek8_92  undefined"
     href="#storybook-root"
  >
    <div class="_header_1xek8_19">
      <svg class="_systemIcon_6zbcy_2 _systemIcon_extraLarge_6zbcy_17 _icon_1xek8_1 _icon_extraLarge_1xek8_7"
           viewbox="0 0 24 24"
           focusable="false"
           aria-hidden="true"
           role="img"
      >
        <path d="M18 13c.6 0 1 .4 1 .9v.9h2c.6 0 1 .4 1 .9v4.2c0 .5-.4.9-1 .9h-8c-.6 0-1-.4-1-.9v-4.2c0-.5.4-.9 1-.9h2v-.9c0-.5.4-.9 1-.9h2Zm-8 0c.6 0 1.1 0 1.6.1-.1.2-2.3 1.3-1.7 5.9H2v-2c0-2.2 3.6-4 8-4Zm8 1h-2v.899h2V14ZM10 3c2.2 0 4 1.8 4 4s-1.8 4-4 4-4-1.8-4-4 1.8-4 4-4Z">
        </path>
      </svg>
      <h2 class="_title_1xek8_24 _title_extraLarge_1xek8_37 undefined">
        Skatt
      </h2>
    </div>
    <div class="_description_1xek8_41 _description_extraLarge_1xek8_49  undefined">
      Skattekort, frikort, forskuddsskatt, skattemelding (selvangivelse), skatteoppgjør, skattelister. Tema og fradrag som hjelper deg til å få riktig skatt.
    </div>
  </a>
</div>
`;

exports[`Tester/NavigationTile WithSizeLarge smoke-test 1`] = `
<div data-test-block="true">
  <a class="_navigationTile_1xek8_57 _navigationTile_large_1xek8_100  undefined"
     href="#storybook-root"
  >
    <div class="_header_1xek8_19">
      <h2 class="_title_1xek8_24 _title_large_1xek8_34 undefined">
        Skatt
      </h2>
      <svg class="_systemIcon_6zbcy_2 _systemIcon_large_6zbcy_13 _icon_1xek8_1 _icon_large_1xek8_4"
           viewbox="0 0 24 24"
           focusable="false"
           aria-hidden="true"
           role="img"
      >
        <path d="M14.14 20.5L21 12.5L14.14 4.5L12.2 6.17L16.55 11.25L3 11.25V13.75L16.55 13.75L12.2 18.83L14.14 20.5Z">
        </path>
      </svg>
    </div>
    <div class="_description_1xek8_41 false  undefined">
      Skattekort, frikort, forskuddsskatt, skattemelding (selvangivelse), skatteoppgjør, skattelister. Tema og fradrag som hjelper deg til å få riktig skatt.
    </div>
  </a>
</div>
`;

exports[`Tester/NavigationTile WithSizeMedium smoke-test 1`] = `
<div data-test-block="true">
  <a class="_navigationTile_1xek8_57 _navigationTile_medium_1xek8_100  undefined"
     href="#storybook-root"
  >
    <div class="_header_1xek8_19">
      <h2 class="_title_1xek8_24  undefined">
        Skatt
      </h2>
      <svg class="_systemIcon_6zbcy_2 _systemIcon_large_6zbcy_13 _icon_1xek8_1 "
           viewbox="0 0 24 24"
           focusable="false"
           aria-hidden="true"
           role="img"
      >
        <path d="M14.14 20.5L21 12.5L14.14 4.5L12.2 6.17L16.55 11.25L3 11.25V13.75L16.55 13.75L12.2 18.83L14.14 20.5Z">
        </path>
      </svg>
    </div>
    <div class="_description_1xek8_41 false  undefined">
      Skattekort, frikort, forskuddsskatt, skattemelding (selvangivelse), skatteoppgjør, skattelister. Tema og fradrag som hjelper deg til å få riktig skatt.
    </div>
  </a>
</div>
`;

exports[`Tester/NavigationTile WithSpinner smoke-test 1`] = `
<div data-test-block="true">
  <a class="_navigationTile_1xek8_57 _navigationTile_extraLarge_1xek8_92 bottomSpacingXL undefined"
     href="#storybook-root"
  >
    <div class="_header_1xek8_19">
      <div aria-live="polite"
           aria-atomic="true"
           class="_spinner_wnf1f_5 _spinner_blue_wnf1f_16 _spinner_flexColumn_wnf1f_32 _spinner_large_wnf1f_28 _spinner_1xek8_11 _spinner_extraLarge_1xek8_14 "
      >
        <div class="_spinnerAnimation_wnf1f_40 ">
        </div>
        <span class="_spinnerTitle_wnf1f_59 _srOnly_wnf1f_70 _spinnerTitle_centerText_wnf1f_66 ">
          Laster inn
        </span>
      </div>
      <h2 class="_title_1xek8_24 _title_extraLarge_1xek8_37 undefined">
        Skatt
      </h2>
    </div>
    <div class="_description_1xek8_41 _description_extraLarge_1xek8_49  undefined">
      Eksempel på undertittel. Denne kan være litt lengre.
    </div>
  </a>
  <a class="_navigationTile_1xek8_57 _navigationTile_large_1xek8_100 bottomSpacingXL undefined"
     href="#storybook-root"
  >
    <div class="_header_1xek8_19">
      <div aria-live="polite"
           aria-atomic="true"
           class="_spinner_wnf1f_5 _spinner_blue_wnf1f_16 _spinner_flexColumn_wnf1f_32 _spinner_medium_wnf1f_25 _spinner_1xek8_11  "
      >
        <div class="_spinnerAnimation_wnf1f_40 ">
        </div>
        <span class="_spinnerTitle_wnf1f_59 _srOnly_wnf1f_70 _spinnerTitle_centerText_wnf1f_66 ">
          Laster inn
        </span>
      </div>
      <h2 class="_title_1xek8_24 _title_large_1xek8_34 undefined">
        Skatt
      </h2>
      <svg class="_systemIcon_6zbcy_2 _systemIcon_large_6zbcy_13 _icon_1xek8_1 _icon_large_1xek8_4"
           viewbox="0 0 24 24"
           focusable="false"
           aria-hidden="true"
           role="img"
      >
        <path d="M14.14 20.5L21 12.5L14.14 4.5L12.2 6.17L16.55 11.25L3 11.25V13.75L16.55 13.75L12.2 18.83L14.14 20.5Z">
        </path>
      </svg>
    </div>
    <div class="_description_1xek8_41 false _descriptionIndented_1xek8_53 undefined">
      Eksempel på undertittel. Denne kan være litt lengre.
    </div>
  </a>
  <a class="_navigationTile_1xek8_57 _navigationTile_medium_1xek8_100  undefined"
     href="#storybook-root"
  >
    <div class="_header_1xek8_19">
      <div aria-live="polite"
           aria-atomic="true"
           class="_spinner_wnf1f_5 _spinner_blue_wnf1f_16 _spinner_flexColumn_wnf1f_32 _spinner_medium_wnf1f_25 _spinner_1xek8_11  "
      >
        <div class="_spinnerAnimation_wnf1f_40 ">
        </div>
        <span class="_spinnerTitle_wnf1f_59 _srOnly_wnf1f_70 _spinnerTitle_centerText_wnf1f_66 ">
          Laster inn
        </span>
      </div>
      <h2 class="_title_1xek8_24  undefined">
        Skatt
      </h2>
      <svg class="_systemIcon_6zbcy_2 _systemIcon_large_6zbcy_13 _icon_1xek8_1 "
           viewbox="0 0 24 24"
           focusable="false"
           aria-hidden="true"
           role="img"
      >
        <path d="M14.14 20.5L21 12.5L14.14 4.5L12.2 6.17L16.55 11.25L3 11.25V13.75L16.55 13.75L12.2 18.83L14.14 20.5Z">
        </path>
      </svg>
    </div>
    <div class="_description_1xek8_41 false _descriptionIndented_1xek8_53 undefined">
      Eksempel på undertittel. Denne kan være litt lengre.
    </div>
  </a>
</div>
`;

exports[`Tester/NavigationTile WithTarget play-test 1`] = `
<div data-test-block="true">
  <a class="_navigationTile_1xek8_57 _navigationTile_large_1xek8_100  undefined"
     href="#storybook-root"
     rel="noreferrer"
     target="_blank"
  >
    <div class="_header_1xek8_19">
      <h2 class="_title_1xek8_24 _title_large_1xek8_34 undefined">
        Skatt
      </h2>
      <svg class="_systemIcon_6zbcy_2 _systemIcon_large_6zbcy_13 _icon_1xek8_1 _icon_large_1xek8_4"
           viewbox="0 0 24 24"
           focusable="false"
           aria-hidden="true"
           role="img"
      >
        <path d="M14.14 20.5L21 12.5L14.14 4.5L12.2 6.17L16.55 11.25L3 11.25V13.75L16.55 13.75L12.2 18.83L14.14 20.5Z">
        </path>
      </svg>
    </div>
  </a>
</div>
`;

exports[`Tester/NavigationTile WithTilesInColumns smoke-test 1`] = `
<div data-test-block="true">
  <nav class="flex gapS">
    <a class="_navigationTile_1xek8_57 _navigationTile_extraLarge_1xek8_92  undefined"
       href="#storybook-root"
    >
      <div class="_header_1xek8_19">
        <svg class="_systemIcon_6zbcy_2 _systemIcon_extraLarge_6zbcy_17 _icon_1xek8_1 _icon_extraLarge_1xek8_7"
             viewbox="0 0 24 24"
             focusable="false"
             aria-hidden="true"
             role="img"
        >
          <path d="M18 13c.6 0 1 .4 1 .9v.9h2c.6 0 1 .4 1 .9v4.2c0 .5-.4.9-1 .9h-8c-.6 0-1-.4-1-.9v-4.2c0-.5.4-.9 1-.9h2v-.9c0-.5.4-.9 1-.9h2Zm-8 0c.6 0 1.1 0 1.6.1-.1.2-2.3 1.3-1.7 5.9H2v-2c0-2.2 3.6-4 8-4Zm8 1h-2v.899h2V14ZM10 3c2.2 0 4 1.8 4 4s-1.8 4-4 4-4-1.8-4-4 1.8-4 4-4Z">
          </path>
        </svg>
        <h2 class="_title_1xek8_24 _title_extraLarge_1xek8_37 undefined">
          Skatt
        </h2>
      </div>
    </a>
    <a class="_navigationTile_1xek8_57 _navigationTile_extraLarge_1xek8_92  undefined"
       href="#storybook-root"
    >
      <div class="_header_1xek8_19">
        <svg class="_systemIcon_6zbcy_2 _systemIcon_extraLarge_6zbcy_17 _icon_1xek8_1 _icon_extraLarge_1xek8_7"
             viewbox="0 0 24 24"
             focusable="false"
             aria-hidden="true"
             role="img"
        >
          <path d="M18 13c.6 0 1 .4 1 .9v.9h2c.6 0 1 .4 1 .9v4.2c0 .5-.4.9-1 .9h-8c-.6 0-1-.4-1-.9v-4.2c0-.5.4-.9 1-.9h2v-.9c0-.5.4-.9 1-.9h2Zm-8 0c.6 0 1.1 0 1.6.1-.1.2-2.3 1.3-1.7 5.9H2v-2c0-2.2 3.6-4 8-4Zm8 1h-2v.899h2V14ZM10 3c2.2 0 4 1.8 4 4s-1.8 4-4 4-4-1.8-4-4 1.8-4 4-4Z">
          </path>
        </svg>
        <h2 class="_title_1xek8_24 _title_extraLarge_1xek8_37 undefined">
          Skatt
        </h2>
      </div>
    </a>
  </nav>
</div>
`;

exports[`Tester/NavigationTile WithTitleAs play-test 1`] = `
<div data-test-block="true">
  <nav class="flex flexColumn gapXs">
    <a class="_navigationTile_1xek8_57 _navigationTile_large_1xek8_100  undefined"
       href="#storybook-root"
    >
      <div class="_header_1xek8_19">
        <h1 class="_title_1xek8_24 _title_large_1xek8_34 undefined">
          Heading h1
        </h1>
        <svg class="_systemIcon_6zbcy_2 _systemIcon_large_6zbcy_13 _icon_1xek8_1 _icon_large_1xek8_4"
             viewbox="0 0 24 24"
             focusable="false"
             aria-hidden="true"
             role="img"
        >
          <path d="M14.14 20.5L21 12.5L14.14 4.5L12.2 6.17L16.55 11.25L3 11.25V13.75L16.55 13.75L12.2 18.83L14.14 20.5Z">
          </path>
        </svg>
      </div>
    </a>
    <a class="_navigationTile_1xek8_57 _navigationTile_large_1xek8_100  undefined"
       href="#storybook-root"
    >
      <div class="_header_1xek8_19">
        <h2 class="_title_1xek8_24 _title_large_1xek8_34 undefined">
          Heading h2
        </h2>
        <svg class="_systemIcon_6zbcy_2 _systemIcon_large_6zbcy_13 _icon_1xek8_1 _icon_large_1xek8_4"
             viewbox="0 0 24 24"
             focusable="false"
             aria-hidden="true"
             role="img"
        >
          <path d="M14.14 20.5L21 12.5L14.14 4.5L12.2 6.17L16.55 11.25L3 11.25V13.75L16.55 13.75L12.2 18.83L14.14 20.5Z">
          </path>
        </svg>
      </div>
    </a>
    <a class="_navigationTile_1xek8_57 _navigationTile_large_1xek8_100  undefined"
       href="#storybook-root"
    >
      <div class="_header_1xek8_19">
        <h3 class="_title_1xek8_24 _title_large_1xek8_34 undefined">
          Heading h3
        </h3>
        <svg class="_systemIcon_6zbcy_2 _systemIcon_large_6zbcy_13 _icon_1xek8_1 _icon_large_1xek8_4"
             viewbox="0 0 24 24"
             focusable="false"
             aria-hidden="true"
             role="img"
        >
          <path d="M14.14 20.5L21 12.5L14.14 4.5L12.2 6.17L16.55 11.25L3 11.25V13.75L16.55 13.75L12.2 18.83L14.14 20.5Z">
          </path>
        </svg>
      </div>
    </a>
    <a class="_navigationTile_1xek8_57 _navigationTile_large_1xek8_100  undefined"
       href="#storybook-root"
    >
      <div class="_header_1xek8_19">
        <h4 class="_title_1xek8_24 _title_large_1xek8_34 undefined">
          Heading h4
        </h4>
        <svg class="_systemIcon_6zbcy_2 _systemIcon_large_6zbcy_13 _icon_1xek8_1 _icon_large_1xek8_4"
             viewbox="0 0 24 24"
             focusable="false"
             aria-hidden="true"
             role="img"
        >
          <path d="M14.14 20.5L21 12.5L14.14 4.5L12.2 6.17L16.55 11.25L3 11.25V13.75L16.55 13.75L12.2 18.83L14.14 20.5Z">
          </path>
        </svg>
      </div>
    </a>
    <a class="_navigationTile_1xek8_57 _navigationTile_large_1xek8_100  undefined"
       href="#storybook-root"
    >
      <div class="_header_1xek8_19">
        <h5 class="_title_1xek8_24 _title_large_1xek8_34 undefined">
          Heading h5
        </h5>
        <svg class="_systemIcon_6zbcy_2 _systemIcon_large_6zbcy_13 _icon_1xek8_1 _icon_large_1xek8_4"
             viewbox="0 0 24 24"
             focusable="false"
             aria-hidden="true"
             role="img"
        >
          <path d="M14.14 20.5L21 12.5L14.14 4.5L12.2 6.17L16.55 11.25L3 11.25V13.75L16.55 13.75L12.2 18.83L14.14 20.5Z">
          </path>
        </svg>
      </div>
    </a>
    <a class="_navigationTile_1xek8_57 _navigationTile_large_1xek8_100  undefined"
       href="#storybook-root"
    >
      <div class="_header_1xek8_19">
        <h6 class="_title_1xek8_24 _title_large_1xek8_34 undefined">
          Heading h6
        </h6>
        <svg class="_systemIcon_6zbcy_2 _systemIcon_large_6zbcy_13 _icon_1xek8_1 _icon_large_1xek8_4"
             viewbox="0 0 24 24"
             focusable="false"
             aria-hidden="true"
             role="img"
        >
          <path d="M14.14 20.5L21 12.5L14.14 4.5L12.2 6.17L16.55 11.25L3 11.25V13.75L16.55 13.75L12.2 18.83L14.14 20.5Z">
          </path>
        </svg>
      </div>
    </a>
  </nav>
</div>
`;
