// Jest Snapshot v1, https://goo.gl/fbAQLP

exports[`Tester/Popover/Popover AllColors smoke-test 1`] = `
<div data-test-block="true">
  <div class="flex gapS centerContent">
    <button class="_button_1hc5e_1 _button_extraSmall_1hc5e_34 _button_outlined_1hc5e_114 "
            data-brightness="default"
            type="button"
            aria-expanded="true"
    >
      <svg class="_systemIcon_6zbcy_2 _systemIcon_medium_6zbcy_9 _icon_1hc5e_26"
           viewbox="0 0 24 24"
           focusable="false"
           aria-labelledby="svgtitle-:r3:"
           aria-hidden="false"
           role="img"
      >
        <title id="svgtitle-:r3:">
          Hjelp
        </title>
        <path d="M10 19h3v3h-3v-3Zm2-17c5.35.22 7.68 5.62 4.5 9.67-.83 1-2.17 1.66-2.83 2.5C13 15 13 16 13 17h-3c0-1.67 0-3.08.67-4.08.66-1 2-1.59 2.83-2.25C15.92 8.43 15.32 5.26 12 5a3 3 0 0 0-3 3H6a6 6 0 0 1 6-6Z">
        </path>
      </svg>
    </button>
    <div tabindex="-1"
         data-floating-ui-focusable
         class="_popover_12pml_1 _popover_forest_12pml_9"
         style="position: absolute; left: 0px; top: 0px; transform: translate(238px, 7px);"
    >
      <div class="_popoverContent_12pml_21">
        <div class="_popoverContentWrapper_12pml_26">
          Lorem ipsum dolor sit amet. Alle som har laget en nettside, trengt litt fylltekst eller bare surfet rundt p책 nettet har antageligvis sett disse ordene, etterfulgt av en tilsynelatende eviglang tekst fylt med latinske liksomsetninger.
        </div>
        <button class="_button_1hc5e_1 _button_medium_1hc5e_50  _popoverContentCloseButton_12pml_36"
                data-brightness="default"
                type="button"
        >
          <svg class="_systemIcon_6zbcy_2 _systemIcon_medium_6zbcy_9 _icon_1hc5e_26"
               viewbox="0 0 24 24"
               focusable="false"
               aria-labelledby="svgtitle-:r4:"
               aria-hidden="false"
               role="img"
          >
            <title id="svgtitle-:r4:">
              Lukk
            </title>
            <path d="M19 17.61L13.89 12.5L19 7.39L17.11 5.5L12 10.61L6.89 5.5L5 7.39L10.11 12.5L5 17.61L6.89 19.5L12 14.39L17.11 19.5L19 17.61Z">
            </path>
          </svg>
        </button>
      </div>
      <div class="_popoverArrow_12pml_43 _popoverArrow_top_12pml_52"
           style="bottom: -13px; left: 85px;"
      >
      </div>
    </div>
    <button class="_button_1hc5e_1 _button_small_1hc5e_42 _button_outlined_1hc5e_114 "
            data-brightness="default"
            type="button"
            aria-expanded="true"
    >
      <svg class="_systemIcon_6zbcy_2 _systemIcon_medium_6zbcy_9 _icon_1hc5e_26"
           viewbox="0 0 24 24"
           focusable="false"
           aria-labelledby="svgtitle-:r6:"
           aria-hidden="false"
           role="img"
      >
        <title id="svgtitle-:r6:">
          Hjelp
        </title>
        <path d="M10 19h3v3h-3v-3Zm2-17c5.35.22 7.68 5.62 4.5 9.67-.83 1-2.17 1.66-2.83 2.5C13 15 13 16 13 17h-3c0-1.67 0-3.08.67-4.08.66-1 2-1.59 2.83-2.25C15.92 8.43 15.32 5.26 12 5a3 3 0 0 0-3 3H6a6 6 0 0 1 6-6Z">
        </path>
      </svg>
    </button>
    <div tabindex="-1"
         data-floating-ui-focusable
         class="_popover_12pml_1 _popover_white_12pml_17"
         style="position: absolute; left: 0px; top: 0px; transform: translate(238px, 197px);"
    >
      <div class="_popoverContent_12pml_21">
        <div class="_popoverContentWrapper_12pml_26">
          Lorem ipsum dolor sit amet. Alle som har laget en nettside, trengt litt fylltekst eller bare surfet rundt p책 nettet har antageligvis sett disse ordene, etterfulgt av en tilsynelatende eviglang tekst fylt med latinske liksomsetninger.
        </div>
        <button class="_button_1hc5e_1 _button_medium_1hc5e_50  _popoverContentCloseButton_12pml_36"
                data-brightness="default"
                type="button"
        >
          <svg class="_systemIcon_6zbcy_2 _systemIcon_medium_6zbcy_9 _icon_1hc5e_26"
               viewbox="0 0 24 24"
               focusable="false"
               aria-labelledby="svgtitle-:r7:"
               aria-hidden="false"
               role="img"
          >
            <title id="svgtitle-:r7:">
              Lukk
            </title>
            <path d="M19 17.61L13.89 12.5L19 7.39L17.11 5.5L12 10.61L6.89 5.5L5 7.39L10.11 12.5L5 17.61L6.89 19.5L12 14.39L17.11 19.5L19 17.61Z">
            </path>
          </svg>
        </button>
      </div>
      <div class="_popoverArrow_12pml_43 _popoverArrow_bottom_12pml_56"
           style="top: -13px; left: 117px;"
      >
      </div>
    </div>
    <button class="_button_1hc5e_1 _button_medium_1hc5e_50 _button_outlined_1hc5e_114 "
            data-brightness="default"
            type="button"
            aria-expanded="true"
    >
      <svg class="_systemIcon_6zbcy_2 _systemIcon_medium_6zbcy_9 _icon_1hc5e_26"
           viewbox="0 0 24 24"
           focusable="false"
           aria-labelledby="svgtitle-:r9:"
           aria-hidden="false"
           role="img"
      >
        <title id="svgtitle-:r9:">
          Hjelp
        </title>
        <path d="M10 19h3v3h-3v-3Zm2-17c5.35.22 7.68 5.62 4.5 9.67-.83 1-2.17 1.66-2.83 2.5C13 15 13 16 13 17h-3c0-1.67 0-3.08.67-4.08.66-1 2-1.59 2.83-2.25C15.92 8.43 15.32 5.26 12 5a3 3 0 0 0-3 3H6a6 6 0 0 1 6-6Z">
        </path>
      </svg>
    </button>
    <div tabindex="-1"
         data-floating-ui-focusable
         class="_popover_12pml_1 _popover_ochre_12pml_13"
         style="position: absolute; left: 0px; top: 0px; transform: translate(0px, 2px);"
    >
      <div class="_popoverContent_12pml_21">
        <div class="_popoverContentWrapper_12pml_26">
          Lorem ipsum dolor sit amet. Alle som har laget en nettside, trengt litt fylltekst eller bare surfet rundt p책 nettet har antageligvis sett disse ordene, etterfulgt av en tilsynelatende eviglang tekst fylt med latinske liksomsetninger.
        </div>
        <button class="_button_1hc5e_1 _button_medium_1hc5e_50  _popoverContentCloseButton_12pml_36"
                data-brightness="default"
                type="button"
        >
          <svg class="_systemIcon_6zbcy_2 _systemIcon_medium_6zbcy_9 _icon_1hc5e_26"
               viewbox="0 0 24 24"
               focusable="false"
               aria-labelledby="svgtitle-:ra:"
               aria-hidden="false"
               role="img"
          >
            <title id="svgtitle-:ra:">
              Lukk
            </title>
            <path d="M19 17.61L13.89 12.5L19 7.39L17.11 5.5L12 10.61L6.89 5.5L5 7.39L10.11 12.5L5 17.61L6.89 19.5L12 14.39L17.11 19.5L19 17.61Z">
            </path>
          </svg>
        </button>
      </div>
      <div class="_popoverArrow_12pml_43 _popoverArrow_top_12pml_52"
           style="bottom: -13px; left: 392px;"
      >
      </div>
    </div>
    <button class="_button_1hc5e_1 _button_large_1hc5e_60 _button_outlined_1hc5e_114 "
            data-brightness="default"
            type="button"
            aria-expanded="true"
    >
      <svg class="_systemIcon_6zbcy_2 _systemIcon_medium_6zbcy_9 _icon_1hc5e_26"
           viewbox="0 0 24 24"
           focusable="false"
           aria-labelledby="svgtitle-:rc:"
           aria-hidden="false"
           role="img"
      >
        <title id="svgtitle-:rc:">
          Hjelp
        </title>
        <path d="M10 19h3v3h-3v-3Zm2-17c5.35.22 7.68 5.62 4.5 9.67-.83 1-2.17 1.66-2.83 2.5C13 15 13 16 13 17h-3c0-1.67 0-3.08.67-4.08.66-1 2-1.59 2.83-2.25C15.92 8.43 15.32 5.26 12 5a3 3 0 0 0-3 3H6a6 6 0 0 1 6-6Z">
        </path>
      </svg>
    </button>
    <div tabindex="-1"
         data-floating-ui-focusable
         class="_popover_12pml_1 _popover_forest_12pml_9"
         style="position: absolute; left: 0px; top: 0px; transform: translate(0px, 206px);"
    >
      <div class="_popoverContent_12pml_21">
        <div class="_popoverContentWrapper_12pml_26">
          Lorem ipsum dolor sit amet. Alle som har laget en nettside, trengt litt fylltekst eller bare surfet rundt p책 nettet har antageligvis sett disse ordene, etterfulgt av en tilsynelatende eviglang tekst fylt med latinske liksomsetninger.
        </div>
        <button class="_button_1hc5e_1 _button_medium_1hc5e_50  _popoverContentCloseButton_12pml_36"
                data-brightness="default"
                type="button"
        >
          <svg class="_systemIcon_6zbcy_2 _systemIcon_medium_6zbcy_9 _icon_1hc5e_26"
               viewbox="0 0 24 24"
               focusable="false"
               aria-labelledby="svgtitle-:rd:"
               aria-hidden="false"
               role="img"
          >
            <title id="svgtitle-:rd:">
              Lukk
            </title>
            <path d="M19 17.61L13.89 12.5L19 7.39L17.11 5.5L12 10.61L6.89 5.5L5 7.39L10.11 12.5L5 17.61L6.89 19.5L12 14.39L17.11 19.5L19 17.61Z">
            </path>
          </svg>
        </button>
      </div>
      <div class="_popoverArrow_12pml_43 _popoverArrow_bottom_12pml_56"
           style="top: -13px; left: 438px;"
      >
      </div>
    </div>
  </div>
</div>
`;

exports[`Tester/Popover/Popover Defaults play-test 1`] = `
<div data-test-block="true">
  <button class="_button_1hc5e_1 _button_medium_1hc5e_50 _button_outlined_1hc5e_114 "
          data-brightness="default"
          type="button"
          aria-expanded="false"
  >
    <svg class="_systemIcon_6zbcy_2 _systemIcon_medium_6zbcy_9 _icon_1hc5e_26"
         viewbox="0 0 24 24"
         focusable="false"
         aria-labelledby="svgtitle-:r1:"
         aria-hidden="false"
         role="img"
    >
      <title id="svgtitle-:r1:">
        Hjelp
      </title>
      <path d="M10 19h3v3h-3v-3Zm2-17c5.35.22 7.68 5.62 4.5 9.67-.83 1-2.17 1.66-2.83 2.5C13 15 13 16 13 17h-3c0-1.67 0-3.08.67-4.08.66-1 2-1.59 2.83-2.25C15.92 8.43 15.32 5.26 12 5a3 3 0 0 0-3 3H6a6 6 0 0 1 6-6Z">
      </path>
    </svg>
  </button>
</div>
`;
